 IC 1 GGM
 Means :  -0.000000 3.171202 -1.758713 

 Vars. :  1.000000 2.222205 0.000254 

 Prop. :  0.841485 0.158515 0.000000 


 IC 2 GGM
 Means :  -0.000000 3.434220 -1.783434 

 Vars. :  1.000000 1.489552 0.000286 

 Prop. :  0.816685 0.183315 0.000000 


 IC 3 GGM
 Means :  -0.000000 6.115957 -2.516796 

 Vars. :  1.000000 13.775240 0.708326 

 Prop. :  0.866758 0.077591 0.055650 


 IC 4 GGM
 Means :  -0.000000 2.023866 -1.764544 

 Vars. :  1.000000 0.366225 0.000146 

 Prop. :  0.835525 0.164475 0.000000 


 IC 5 GGM
 Means :  0.000000 2.566870 -2.096875 

 Vars. :  1.000000 0.474332 0.948520 

 Prop. :  0.918382 0.076865 0.004754 


 IC 6 GGM
 Means :  -0.000000 2.538816 -2.343881 

 Vars. :  1.000000 0.466778 0.573459 

 Prop. :  0.914912 0.074695 0.010393 


 IC 7 GGM
 Means :  0.000000 2.873219 -1.784307 

 Vars. :  1.000000 0.986596 0.000224 

 Prop. :  0.815789 0.184211 0.000000 


 IC 8 GGM
 Means :  0.000000 5.160952 -3.206044 

 Vars. :  1.000000 11.432902 1.588026 

 Prop. :  0.911124 0.079021 0.009855 


 IC 9 GGM
 Means :  -0.000000 3.187101 -2.909416 

 Vars. :  1.000000 2.540384 1.433487 

 Prop. :  0.814883 0.146076 0.039041 


