 IC 1 GGM
 Means :  -0.000000 2.983275 -1.800273 

 Vars. :  1.000000 2.607488 0.000275 

 Prop. :  0.799863 0.200137 0.000000 


 IC 2 GGM
 Means :  0.000000 3.784261 -1.726332 

 Vars. :  1.000000 2.250386 0.000274 

 Prop. :  0.873792 0.126208 0.000000 


 IC 3 GGM
 Means :  -0.000000 5.105730 -2.649089 

 Vars. :  1.000000 6.783248 1.071814 

 Prop. :  0.852049 0.055741 0.092210 


 IC 4 GGM
 Means :  0.000000 2.451105 -1.784556 

 Vars. :  1.000000 0.452056 0.000180 

 Prop. :  0.815525 0.184475 0.000000 


 IC 5 GGM
 Means :  0.000000 5.072181 -3.232705 

 Vars. :  1.000000 5.924594 0.585307 

 Prop. :  0.833207 0.131951 0.034842 


 IC 6 GGM
 Means :  -0.000000 3.009807 -1.753010 

 Vars. :  1.000000 0.716554 0.000213 

 Prop. :  0.847086 0.152914 0.000000 


 IC 7 GGM
 Means :  0.000000 3.508178 -1.683102 

 Vars. :  1.000000 5.174773 0.000232 

 Prop. :  0.917018 0.082982 0.000000 


 IC 8 GGM
 Means :  0.000000 2.240991 -2.668188 

 Vars. :  1.000000 0.547421 0.519036 

 Prop. :  0.864798 0.110041 0.025162 


 IC 9 GGM
 Means :  -0.000000 1.873763 -1.733248 

 Vars. :  1.000000 0.341066 0.101682 

 Prop. :  0.921452 0.073012 0.005537 


